<html>
<body>
<pre>
<h1>µVision Build Log</h1>
<h2>Tool Versions:</h2>
IDE-Version: µVision V5.27.0.0
Copyright (C) 2018 ARM Ltd and ARM Germany GmbH. All rights reserved.
License Information: SHUAIWEN CUI, NTU, LIC=JL28G-VX9JX-QDQKD-8FN6R-M33TC-5YMJT
 
Tool Versions:
Toolchain:       MDK-ARM Plus  Version: 5.27.0.0
Toolchain Path:  D:\Keil5\ARM\ARMCC\Bin
C Compiler:      Armcc.exe V5.06 update 6 (build 750)
Assembler:       Armasm.exe V5.06 update 6 (build 750)
Linker/Locator:  ArmLink.exe V5.06 update 6 (build 750)
Library Manager: ArmAr.exe V5.06 update 6 (build 750)
Hex Converter:   FromElf.exe V5.06 update 6 (build 750)
CPU DLL:         SARMCM3.DLL V5.27.0.0
Dialog DLL:      DCM.DLL V1.17.2.0
Target DLL:      STLink\ST-LINKIII-KEIL_SWO.dll V3.0.5.0
Dialog DLL:      TCM.DLL V1.36.1.0
 
<h2>Project:</h2>
E:\OneDrive - Nanyang Technological University\3_Research\01-GPR\GPR-SPC\ARM-Cortext Version\MDK-ARM\STM32H723.uvprojx
Project File Date:  04/15/2024

<h2>Output:</h2>
*** Using Compiler 'V5.06 update 6 (build 750)', folder: 'D:\Keil5\ARM\ARMCC\Bin'
Build target 'STM32H723'
compiling GPR-SPC.c...
..\Core\GPR-SPC\GPR-SPC.c(364): warning:  #177-D: variable "k"  was declared but never referenced
      int i, j, k, cnt_line, ind_row, ind_col;
..\Core\GPR-SPC\GPR-SPC.c(364): warning:  #177-D: variable "cnt_line"  was declared but never referenced
      int i, j, k, cnt_line, ind_row, ind_col;
..\Core\GPR-SPC\GPR-SPC.c(364): warning:  #177-D: variable "ind_row"  was declared but never referenced
      int i, j, k, cnt_line, ind_row, ind_col;
..\Core\GPR-SPC\GPR-SPC.c(364): warning:  #177-D: variable "ind_col"  was declared but never referenced
      int i, j, k, cnt_line, ind_row, ind_col;
..\Core\GPR-SPC\GPR-SPC.c(365): warning:  #177-D: variable "tmp"  was declared but never referenced
      float32_t tmp;
..\Core\GPR-SPC\GPR-SPC.c: 5 warnings, 0 errors
linking...
Program Size: Code=25608 RO-data=964 RW-data=740 ZI-data=26412  
FromELF: creating hex file...
"STM32H723\STM32H723.axf" - 0 Error(s), 5 Warning(s).

<h2>Software Packages used:</h2>

Package Vendor: ARM
                http://www.keil.com/pack/ARM.CMSIS.5.6.0.pack
                ARM.CMSIS.5.6.0
                CMSIS (Cortex Microcontroller Software Interface Standard)
   * Component: CORE Version: 5.3.0

Package Vendor: Keil
                https://www.keil.com/pack/Keil.STM32H7xx_DFP.3.1.1.pack
                Keil.STM32H7xx_DFP.3.1.1
                STMicroelectronics STM32H7 Series Device Support and Examples

<h2>Collection of Component include folders:</h2>
  .\RTE\_STM32H723
  D:\Keil5\ARM\PACK\ARM\CMSIS\5.6.0\CMSIS\Core\Include
  D:\Keil5\ARM\PACK\Keil\STM32H7xx_DFP\3.1.1\Drivers\CMSIS\Device\ST\STM32H7xx\Include

<h2>Collection of Component Files used:</h2>

   * Component: ARM::CMSIS:CORE:5.3.0
Build Time Elapsed:  00:00:01
</pre>
</body>
</html>
